// Jest Snapshot v1, https://goo.gl/fbAQLP

exports[`Test to evaluate the <BudgetsCard/> component render card without change 1`] = `
<View
  accessibilityState={
    {
      "busy": undefined,
      "checked": undefined,
      "disabled": undefined,
      "expanded": undefined,
      "selected": undefined,
    }
  }
  accessibilityValue={
    {
      "max": undefined,
      "min": undefined,
      "now": undefined,
      "text": undefined,
    }
  }
  accessible={true}
  collapsable={false}
  focusable={false}
  onClick={[Function]}
  onResponderGrant={[Function]}
  onResponderMove={[Function]}
  onResponderRelease={[Function]}
  onResponderTerminate={[Function]}
  onResponderTerminationRequest={[Function]}
  onStartShouldSetResponder={[Function]}
  style={
    {
      "alignItems": "center",
      "flex": 1,
      "justifyContent": "center",
      "opacity": 1,
    }
  }
>
  <View>
    <View
      style={
        {
          "alignSelf": "center",
          "backgroundColor": undefined,
          "borderBottomStartRadius": 0,
          "borderRadius": 10,
          "borderTopLeftRadius": 0,
          "elevation": 5,
          "flexDirection": "row",
          "marginEnd": 10,
          "marginVertical": 10,
          "overflow": "hidden",
          "shadowColor": "#000",
        }
      }
    >
      <View
        style={
          {
            "flex": 1,
            "padding": 16,
          }
        }
      >
        <View>
          <Text
            style={
              [
                {
                  "textAlign": "left",
                },
                {
                  "color": "rgba(28, 27, 31, 1)",
                  "fontFamily": "System",
                  "fontWeight": "400",
                  "letterSpacing": 0,
                },
                {
                  "writingDirection": "ltr",
                },
                {
                  "color": undefined,
                  "fontSize": 14,
                },
              ]
            }
          />
        </View>
        <Text
          style={
            [
              {
                "textAlign": "left",
              },
              {
                "color": "rgba(28, 27, 31, 1)",
                "fontFamily": "System",
                "fontWeight": "400",
                "letterSpacing": 0,
              },
              {
                "writingDirection": "ltr",
              },
              {
                "color": undefined,
                "fontSize": 18,
                "fontWeight": "bold",
                "marginBottom": 8,
              },
            ]
          }
        />
        <View
          style={
            {
              "alignItems": "center",
              "flexDirection": "row",
              "marginBottom": 8,
            }
          }
        >
          <Text
            collapsable={false}
            numberOfLines={1}
            style={
              {
                "alignSelf": "flex-end",
                "backgroundColor": "rgba(179, 38, 30, 1)",
                "borderRadius": 10,
                "color": undefined,
                "fontSize": 10,
                "height": 20,
                "lineHeight": 10,
                "marginRight": 8,
                "minWidth": 20,
                "opacity": 1,
                "overflow": "hidden",
                "paddingHorizontal": 3,
                "textAlign": "center",
                "textAlignVertical": "center",
              }
            }
          />
        </View>
        <Text
          style={
            [
              {
                "textAlign": "left",
              },
              {
                "color": "rgba(28, 27, 31, 1)",
                "fontFamily": "System",
                "fontWeight": "400",
                "letterSpacing": 0,
              },
              {
                "writingDirection": "ltr",
              },
              {
                "fontSize": 14,
                "textAlign": "right",
              },
            ]
          }
        >
          <Text
            style={
              [
                {
                  "textAlign": "left",
                },
                {
                  "color": "rgba(28, 27, 31, 1)",
                  "fontFamily": "System",
                  "fontWeight": "400",
                  "letterSpacing": 0,
                },
                {
                  "writingDirection": "ltr",
                },
                {
                  "color": undefined,
                  "fontWeight": "bold",
                },
              ]
            }
          >
            €
          </Text>
           -
           
          <Text
            style={
              [
                {
                  "textAlign": "left",
                },
                {
                  "color": "rgba(28, 27, 31, 1)",
                  "fontFamily": "System",
                  "fontWeight": "400",
                  "letterSpacing": 0,
                },
                {
                  "writingDirection": "ltr",
                },
                {
                  "color": undefined,
                  "fontWeight": "bold",
                },
              ]
            }
          >
            €
          </Text>
        </Text>
      </View>
    </View>
  </View>
</View>
`;
